[{'keyword': '김원준SHOW', 'pc': 70, 'mobile': 290, 'total': 360, 'comp_idx': '낮음'}]
